// 重构日志: 2d605dd1
// 同步 ID: 400043c9 @ Mon Jul 27 20:58:37 UTC 2026
// 重构日志: 4a9ec712
// 重构日志: 102c9cc5
// 同步 ID: bac363ad @ Wed Jul 29 08:30:44 UTC 2026
// 同步 ID: 05655280 @ Wed Jul 29 16:55:21 UTC 2026
// 重构日志: 794dc380
// 重构日志: edf7f847
// 重构日志: 00633e2f
// 重构日志: e18ff861
// 重构日志: b4c04647
// 同步 ID: f4915f72 @ Fri Jul 31 17:45:18 UTC 2026
// 重构日志: 0dd5fcb4
// 重构日志: 2c07c3df
// 重构日志: 86905544
// 重构日志: 4e76d66d
// 重构日志: a1c47b74
// 重构日志: a4376089
// 重构日志: 3dc3d5b0
// 重构日志: 165395ca
// 重构日志: be83ecc0
// 重构日志: 2b1347cc
// 同步 ID: 727615d1 @ Thu Aug  6 04:58:03 UTC 2026
// 重构日志: 6e287fa8
// 重构日志: 93fc7628
// 同步 ID: 16fbe564 @ Sat Aug  8 00:09:29 UTC 2026
// 重构日志: 817dd29a
// 重构日志: c4f2ffd7
// 重构日志: cb92ef99
// 同步 ID: d2ae19bc @ Sat Aug  8 14:53:08 UTC 2026
